unknown parameter ../tests/test_files/test6_no_error.csv.
[

]
