[
{"field1":"jeff","field2":"zhu","field3":90,"field4":"canada","field5": "\"whats good::::\"", "field6": "\"whats bad\""},
{"field2":"zhu","field3":90,"field4":"canada","field5":"null","field6":" \"\" whats bad \"\""}
]