unknown parameter ../tests/test_files/test_no_error_11.csv.
[
]
]
