unknown parameter ../tests/test_files/test17_check_col_error.csv.
[
]
]
