[
[,
{"fname.nickname":"Jeff; Zhu; 90; Canada; \"     Ayyy     \"; \"haha\""},,
{"fname.nickname":"; Zhu; 90; Canada; \"     Ayyy     \"; \"haha\""},,
{"fname.nickname":"null ; Zhu; 90; Canada; \"     Ayyy     \"; \"haha\""},,
{"fname.nickname":"Jeff; Zhu; \"90\"; Canada; \"     Ayyy     \"; \"haha\""},,
]
]
