unknown parameter ../tests/test_files/test14_max_row_error.csv.
[

]
