unknown parameter ../tests/test_files/test_check_col_error18.csv.
[
]
]
