unknown parameter ../tests/test_files/test_max_row_error21.csv.
[
]
]
