unknown parameter ../tests/test_files/test_no_error_2.csv.
[
]
]
