unknown parameter ../tests/test_files/test13_no_error.csv.
[
]
]
