[
{"fname": "jeff","lname": "zhu","age": "90","countryOfResidences": "canada","slogan.best": "whats good!","slogan.worst": "whats bad"},
{"fname": "zhu","lname": null,"age": "90","countryOfResidences": "canada","slogan.best": "whats bad","slogan.worst": null}
]
