[
{"field1":"fname.nickname","field2":" lname","field3":" age"},
{"field1":"Jeff","field2":" Zhu","field3":" 90","field4":" Vancouver","field5":" \"Ayyy\"","field6":" \"haha\""},
{"field1":"HoJun","field2":" Lee","field3":" 26","field4":" Lougheed","field5":" \"Life's good\"","field6":" \"wompwomp\""},
{"field1":"Jeff","field2":" Zhu","field3":" 90","field4":" Vancouver","field5":" \"Ay","field6":"yy\"","field7":" \"ha","field8":"ha\""},
{"field1":"HoJun","field2":" Lee","field3":" 26","field4":" Lougheed","field5":" \"Life","field6":"s good\"","field7":" 'womp","field8":"womp'"},
{"field1":"Jeff","field2":" Zhu","field3":" \"90\"","field4":" Vancouver","field5":" \"Ayyy\"","field6":" \"haha\""},
{"field1":"HoJun","field2":"","field3":" \"26\"","field4":" Lougheed","field5":" \"Life's good\"","field6":" \"wompwomp\""},
{"field1":"","field2":" Zhu","field3":" 90","field4":" Lougheed","field5":" \"     Ayyy     \"","field6":" \"haha\""},
{"field1":"HoJun","field2":"","field3":" 26","field4":" Lougheed","field5":" \"     Life's good     \"","field6":" \"wompwomp\""},
{"field1":"null","field2":"Zhu","field3":" 90","field4":" Vancouver","field5":" \"Ayyy\"","field6":" \"haha\""},
{"field1":"HoJun","field2":"null","field3":" 26","field4":" Lougheed","field5":" \"/\"Life's good/\"\"","field6":" \"wompwomp\""}
]
