unknown parameter ../tests/test_files/test8.csv.
[

]
