[
{"fname":"jeff","lname":"zhu","age":"90","countryOfResidences":"canada","slogan.best":"\"whats good\"","slogan.worst":"whats bad"},
{"lname":"zhu","age":"90","countryOfResidences":"canada","slogan.best":null,"slogan.worst":"what's bad"}
]
    