[
[,
{"field1":"fname.nickname","field2":"lname","field3":"age","field4":"countryOfResidence.city.town","field5":"slogan.best","field6":"slogan.worst"},,
{"field1":"Jeff","field2":"Zhu","field3":"90","field4":"Vancouver","field5":"\"Ayyy\"","field6":"\"haha\""},,
{"field1":"HoJun","field2":"Lee","field3":"26","field4":"Lougheed","field5":"\"Life's good\"","field6":"\"wompwomp\""},,
{"field1":"Jeff","field2":"Zhu","field3":"90","field4":"Vancouver","field5":"\"Ayyy\"","field6":"\"ha","field7":"ha\""},,
{"field1":"HoJun","field2":"Lee","field3":"26","field4":"Lougheed","field5":"Life;s good","field6":"\"wompwomp\""},,
{"field2":"Zhu","field3":"90","field4":"Vancouver","field5":"\"Ayyy\"","field6":"\"haha\""},,
{"field1":"HoJun","field3":"26","field4":"Lougheed","field5":"\"Life's good\"","field6":"\"wompwomp\""},,
{"field1":"Jeff","field2":"Zhu","field3":"90","field4":"Lougheed","field5":"\"     Ayyy     \"","field6":"\"haha\""},,
{"field1":"HoJun","field2":"Zhu","field3":"90","field4":"Lougheed","field5":"\"     Life's good     \"","field6":"\"wompwomp\""},,
{"field1":"Jeff","field2":"Zhu","field3":"\"90\"","field4":"Vancouver","field5":"\"Ayyy\"","field6":"\"haha\""},,
{"field1":"HoJun","field2":"Lee","field3":"26","field4":"Lougheed","field5":"\"/\"Life's good/\"\"","field6":"\"wompwomp\""},,
]
]
